2025-12-09 16:39:59,362 [Worker-7: Loading available Gradle versions] INFO  o.e.b.c.i.u.g.PublishedGradleVersions - Gradle version information cache is not available. Remote download required.
2025-12-11 13:33:40,110 [Worker-1: Loading available Gradle versions] INFO  o.e.b.c.i.u.g.PublishedGradleVersions - Gradle version information cache is out-of-date. Trying to update.
2025-12-11 13:34:09,648 [Worker-8: Loading available Gradle versions] INFO  o.e.b.c.i.u.g.PublishedGradleVersions - Gradle version information cache is up-to-date. Trying to read.
2025-12-11 14:20:29,418 [Worker-6: Loading available Gradle versions] INFO  o.e.b.c.i.u.g.PublishedGradleVersions - Gradle version information cache is up-to-date. Trying to read.
2026-02-09 19:40:39,345 [Worker-1: Loading available Gradle versions] INFO  o.e.b.c.i.u.g.PublishedGradleVersions - Gradle version information cache is out-of-date. Trying to update.
2026-02-09 20:34:22,431 [Worker-1: Loading available Gradle versions] INFO  o.e.b.c.i.u.g.PublishedGradleVersions - Gradle version information cache is up-to-date. Trying to read.
2026-02-09 20:39:19,412 [Worker-1: Loading available Gradle versions] INFO  o.e.b.c.i.u.g.PublishedGradleVersions - Gradle version information cache is up-to-date. Trying to read.
2026-02-09 22:23:12,161 [ModalContext] INFO  o.a.s.c.i.DefaultIoServiceFactoryFactory - No detected/configured IoServiceFactoryFactory; using Nio2ServiceFactoryFactory
2026-02-09 22:23:14,164 [sshd-JGitSshClient[dc14105]-nio2-thread-5] INFO  o.a.s.c.k.e.p.HostBoundPubkeyAuthentication - Server announced support for publickey-hostbound@openssh.com version 0
2026-02-09 22:24:43,730 [sshd-JGitSshClient[44bf7616]-nio2-thread-5] INFO  o.a.s.c.k.e.p.HostBoundPubkeyAuthentication - Server announced support for publickey-hostbound@openssh.com version 0
2026-02-09 22:24:55,949 [sshd-JGitSshClient[57358719]-nio2-thread-5] INFO  o.a.s.c.k.e.p.HostBoundPubkeyAuthentication - Server announced support for publickey-hostbound@openssh.com version 0
2026-02-09 23:01:16,564 [sshd-JGitSshClient[70c946ce]-nio2-thread-5] INFO  o.a.s.c.k.e.p.HostBoundPubkeyAuthentication - Server announced support for publickey-hostbound@openssh.com version 0
2026-02-09 23:01:18,889 [sshd-JGitSshClient[5685ab27]-nio2-thread-5] INFO  o.a.s.c.k.e.p.HostBoundPubkeyAuthentication - Server announced support for publickey-hostbound@openssh.com version 0
2026-02-10 12:16:53,337 [Worker-5: Loading available Gradle versions] INFO  o.e.b.c.i.u.g.PublishedGradleVersions - Gradle version information cache is up-to-date. Trying to read.
2026-02-10 12:17:47,515 [Worker-12: Push to eclipse-workspace refs/heads/main - origin] INFO  o.a.s.c.i.DefaultIoServiceFactoryFactory - No detected/configured IoServiceFactoryFactory; using Nio2ServiceFactoryFactory
2026-02-10 12:17:49,109 [sshd-JGitSshClient[a3602a7]-nio2-thread-5] INFO  o.a.s.c.k.e.p.HostBoundPubkeyAuthentication - Server announced support for publickey-hostbound@openssh.com version 0
2026-02-10 12:32:30,744 [sshd-JGitSshClient[87df3da]-nio2-thread-5] INFO  o.a.s.c.k.e.p.HostBoundPubkeyAuthentication - Server announced support for publickey-hostbound@openssh.com version 0
2026-02-10 13:07:30,042 [sshd-JGitSshClient[648ccebc]-nio2-thread-5] INFO  o.a.s.c.k.e.p.HostBoundPubkeyAuthentication - Server announced support for publickey-hostbound@openssh.com version 0
2026-03-09 19:04:42,640 [Worker-5: Loading available Gradle versions] INFO  o.e.b.c.i.u.g.PublishedGradleVersions - Gradle version information cache is out-of-date. Trying to update.
2026-03-09 20:17:34,807 [Worker-43: Push to eclipse-workspace refs/heads/main - origin] INFO  o.a.s.c.i.DefaultIoServiceFactoryFactory - No detected/configured IoServiceFactoryFactory; using Nio2ServiceFactoryFactory
2026-03-09 20:17:36,232 [sshd-JGitSshClient[41f98954]-nio2-thread-5] INFO  o.a.s.c.k.e.p.HostBoundPubkeyAuthentication - Server announced support for publickey-hostbound@openssh.com version 0
2026-03-09 20:17:49,556 [sshd-JGitSshClient[3919cdd9]-nio2-thread-5] INFO  o.a.s.c.k.e.p.HostBoundPubkeyAuthentication - Server announced support for publickey-hostbound@openssh.com version 0
2026-03-09 20:30:30,011 [sshd-JGitSshClient[198928b4]-nio2-thread-5] INFO  o.a.s.c.k.e.p.HostBoundPubkeyAuthentication - Server announced support for publickey-hostbound@openssh.com version 0
2026-03-09 20:30:37,651 [sshd-JGitSshClient[eef0229]-nio2-thread-5] INFO  o.a.s.c.k.e.p.HostBoundPubkeyAuthentication - Server announced support for publickey-hostbound@openssh.com version 0
2026-03-09 20:30:41,151 [sshd-JGitSshClient[569b5d0e]-nio2-thread-5] INFO  o.a.s.c.k.e.p.HostBoundPubkeyAuthentication - Server announced support for publickey-hostbound@openssh.com version 0
2026-03-09 21:18:39,839 [sshd-JGitSshClient[5d83513c]-nio2-thread-5] INFO  o.a.s.c.k.e.p.HostBoundPubkeyAuthentication - Server announced support for publickey-hostbound@openssh.com version 0
2026-03-09 21:26:28,860 [sshd-JGitSshClient[748b9911]-nio2-thread-5] INFO  o.a.s.c.k.e.p.HostBoundPubkeyAuthentication - Server announced support for publickey-hostbound@openssh.com version 0
2026-03-09 21:38:34,513 [sshd-JGitSshClient[6c7fadcf]-nio2-thread-5] INFO  o.a.s.c.k.e.p.HostBoundPubkeyAuthentication - Server announced support for publickey-hostbound@openssh.com version 0
2026-03-09 21:52:13,562 [sshd-JGitSshClient[4cfa1795]-nio2-thread-5] INFO  o.a.s.c.k.e.p.HostBoundPubkeyAuthentication - Server announced support for publickey-hostbound@openssh.com version 0
2026-03-09 23:49:15,265 [sshd-JGitSshClient[418953ff]-nio2-thread-5] INFO  o.a.s.c.k.e.p.HostBoundPubkeyAuthentication - Server announced support for publickey-hostbound@openssh.com version 0
2026-03-10 07:20:28,206 [Worker-8: Loading available Gradle versions] INFO  o.e.b.c.i.u.g.PublishedGradleVersions - Gradle version information cache is up-to-date. Trying to read.
2026-03-10 08:07:29,080 [Worker-35: Push to eclipse-workspace refs/heads/main - origin] INFO  o.a.s.c.i.DefaultIoServiceFactoryFactory - No detected/configured IoServiceFactoryFactory; using Nio2ServiceFactoryFactory
2026-03-10 08:07:30,799 [sshd-JGitSshClient[9f2c761]-nio2-thread-5] INFO  o.a.s.c.k.e.p.HostBoundPubkeyAuthentication - Server announced support for publickey-hostbound@openssh.com version 0
2026-03-10 08:14:48,036 [sshd-JGitSshClient[5816ab62]-nio2-thread-5] INFO  o.a.s.c.k.e.p.HostBoundPubkeyAuthentication - Server announced support for publickey-hostbound@openssh.com version 0
2026-03-11 20:34:17,962 [Worker-37: Loading available Gradle versions] INFO  o.e.b.c.i.u.g.PublishedGradleVersions - Gradle version information cache is out-of-date. Trying to update.
2026-04-12 14:22:35,936 [Worker-45: Loading available Gradle versions] INFO  o.e.b.c.i.u.g.PublishedGradleVersions - Gradle version information cache is out-of-date. Trying to update.
2026-04-13 10:49:07,069 [Worker-2: Loading available Gradle versions] INFO  o.e.b.c.i.u.g.PublishedGradleVersions - Gradle version information cache is up-to-date. Trying to read.
2026-04-13 12:55:34,225 [Worker-3: Loading available Gradle versions] INFO  o.e.b.c.i.u.g.PublishedGradleVersions - Gradle version information cache is up-to-date. Trying to read.
2026-04-13 14:03:12,904 [Worker-6: Loading available Gradle versions] INFO  o.e.b.c.i.u.g.PublishedGradleVersions - Gradle version information cache is up-to-date. Trying to read.
2026-04-13 14:40:57,690 [Worker-7: Loading available Gradle versions] INFO  o.e.b.c.i.u.g.PublishedGradleVersions - Gradle version information cache is out-of-date. Trying to update.
2026-04-13 15:14:14,747 [Worker-5: Push to eclipse-workspace refs/heads/main - origin] INFO  o.a.s.c.i.DefaultIoServiceFactoryFactory - No detected/configured IoServiceFactoryFactory; using Nio2ServiceFactoryFactory
2026-04-13 15:14:16,152 [sshd-JGitSshClient[5c558153]-nio2-thread-5] INFO  o.a.s.c.k.e.p.HostBoundPubkeyAuthentication - Server announced support for publickey-hostbound@openssh.com version 0
2026-04-13 15:15:17,539 [sshd-JGitSshClient[44c9051b]-nio2-thread-5] INFO  o.a.s.c.k.e.p.HostBoundPubkeyAuthentication - Server announced support for publickey-hostbound@openssh.com version 0
2026-04-13 15:50:31,034 [Worker-9: Loading available Gradle versions] INFO  o.e.b.c.i.u.g.PublishedGradleVersions - Gradle version information cache is up-to-date. Trying to read.
2026-04-13 16:03:02,503 [Worker-7: Loading available Gradle versions] INFO  o.e.b.c.i.u.g.PublishedGradleVersions - Gradle version information cache is up-to-date. Trying to read.
2026-04-13 16:06:14,900 [Worker-4: Push to eclipse-workspace refs/heads/main - origin] INFO  o.a.s.c.i.DefaultIoServiceFactoryFactory - No detected/configured IoServiceFactoryFactory; using Nio2ServiceFactoryFactory
2026-04-13 16:06:16,333 [sshd-JGitSshClient[2419a4c7]-nio2-thread-5] INFO  o.a.s.c.k.e.p.HostBoundPubkeyAuthentication - Server announced support for publickey-hostbound@openssh.com version 0
2026-04-13 16:31:41,322 [sshd-JGitSshClient[63bf86db]-nio2-thread-5] INFO  o.a.s.c.k.e.p.HostBoundPubkeyAuthentication - Server announced support for publickey-hostbound@openssh.com version 0
2026-04-13 16:31:43,037 [sshd-JGitSshClient[5dee40ca]-nio2-thread-5] INFO  o.a.s.c.k.e.p.HostBoundPubkeyAuthentication - Server announced support for publickey-hostbound@openssh.com version 0
2026-04-13 16:31:46,116 [sshd-JGitSshClient[12a4135a]-nio2-thread-5] INFO  o.a.s.c.k.e.p.HostBoundPubkeyAuthentication - Server announced support for publickey-hostbound@openssh.com version 0
2026-04-13 16:58:28,505 [sshd-JGitSshClient[6299a88b]-nio2-thread-5] INFO  o.a.s.c.k.e.p.HostBoundPubkeyAuthentication - Server announced support for publickey-hostbound@openssh.com version 0
2026-04-13 16:58:29,569 [sshd-JGitSshClient[8d2da]-nio2-thread-5] INFO  o.a.s.c.k.e.p.HostBoundPubkeyAuthentication - Server announced support for publickey-hostbound@openssh.com version 0
2026-04-13 16:58:31,834 [sshd-JGitSshClient[4b5198d1]-nio2-thread-5] INFO  o.a.s.c.k.e.p.HostBoundPubkeyAuthentication - Server announced support for publickey-hostbound@openssh.com version 0
2026-04-13 17:33:05,225 [sshd-JGitSshClient[21f8e80]-nio2-thread-5] INFO  o.a.s.c.k.e.p.HostBoundPubkeyAuthentication - Server announced support for publickey-hostbound@openssh.com version 0
2026-04-13 17:33:06,815 [sshd-JGitSshClient[72c7d250]-nio2-thread-5] INFO  o.a.s.c.k.e.p.HostBoundPubkeyAuthentication - Server announced support for publickey-hostbound@openssh.com version 0
2026-04-13 17:33:08,349 [sshd-JGitSshClient[7d7bfac8]-nio2-thread-5] INFO  o.a.s.c.k.e.p.HostBoundPubkeyAuthentication - Server announced support for publickey-hostbound@openssh.com version 0
2026-04-13 19:14:02,274 [Worker-9: Loading available Gradle versions] INFO  o.e.b.c.i.u.g.PublishedGradleVersions - Gradle version information cache is up-to-date. Trying to read.
2026-04-14 14:14:55,418 [Worker-8: Loading available Gradle versions] INFO  o.e.b.c.i.u.g.PublishedGradleVersions - Gradle version information cache is up-to-date. Trying to read.
2026-04-14 16:03:43,700 [Worker-56: Push to eclipse-workspace refs/heads/main - origin] INFO  o.a.s.c.i.DefaultIoServiceFactoryFactory - No detected/configured IoServiceFactoryFactory; using Nio2ServiceFactoryFactory
2026-04-14 16:03:45,078 [sshd-JGitSshClient[7aeb91aa]-nio2-thread-5] INFO  o.a.s.c.k.e.p.HostBoundPubkeyAuthentication - Server announced support for publickey-hostbound@openssh.com version 0
2026-04-14 16:03:47,895 [sshd-JGitSshClient[5234737b]-nio2-thread-5] INFO  o.a.s.c.k.e.p.HostBoundPubkeyAuthentication - Server announced support for publickey-hostbound@openssh.com version 0
2026-04-14 16:03:49,468 [sshd-JGitSshClient[5296a4b3]-nio2-thread-5] INFO  o.a.s.c.k.e.p.HostBoundPubkeyAuthentication - Server announced support for publickey-hostbound@openssh.com version 0
2026-04-14 16:04:05,578 [sshd-JGitSshClient[445b3114]-nio2-thread-5] INFO  o.a.s.c.k.e.p.HostBoundPubkeyAuthentication - Server announced support for publickey-hostbound@openssh.com version 0
2026-04-14 16:04:11,336 [sshd-JGitSshClient[3ed2ffe7]-nio2-thread-5] INFO  o.a.s.c.k.e.p.HostBoundPubkeyAuthentication - Server announced support for publickey-hostbound@openssh.com version 0
2026-04-14 16:04:12,967 [sshd-JGitSshClient[433322e]-nio2-thread-5] INFO  o.a.s.c.k.e.p.HostBoundPubkeyAuthentication - Server announced support for publickey-hostbound@openssh.com version 0
2026-04-14 16:25:08,632 [sshd-JGitSshClient[2d2561a8]-nio2-thread-5] INFO  o.a.s.c.k.e.p.HostBoundPubkeyAuthentication - Server announced support for publickey-hostbound@openssh.com version 0
2026-04-14 16:25:10,331 [sshd-JGitSshClient[332d556e]-nio2-thread-5] INFO  o.a.s.c.k.e.p.HostBoundPubkeyAuthentication - Server announced support for publickey-hostbound@openssh.com version 0
2026-04-14 16:25:12,396 [sshd-JGitSshClient[36e7fc1b]-nio2-thread-5] INFO  o.a.s.c.k.e.p.HostBoundPubkeyAuthentication - Server announced support for publickey-hostbound@openssh.com version 0
2026-04-14 16:25:19,473 [sshd-JGitSshClient[7387e9b9]-nio2-thread-5] INFO  o.a.s.c.k.e.p.HostBoundPubkeyAuthentication - Server announced support for publickey-hostbound@openssh.com version 0
2026-04-14 16:25:22,284 [sshd-JGitSshClient[298ef450]-nio2-thread-5] INFO  o.a.s.c.k.e.p.HostBoundPubkeyAuthentication - Server announced support for publickey-hostbound@openssh.com version 0
2026-04-14 16:48:35,939 [sshd-JGitSshClient[6ef2b650]-nio2-thread-5] INFO  o.a.s.c.k.e.p.HostBoundPubkeyAuthentication - Server announced support for publickey-hostbound@openssh.com version 0
2026-04-14 16:48:37,221 [sshd-JGitSshClient[6344d1a9]-nio2-thread-5] INFO  o.a.s.c.k.e.p.HostBoundPubkeyAuthentication - Server announced support for publickey-hostbound@openssh.com version 0
2026-04-14 16:48:39,122 [sshd-JGitSshClient[197e078d]-nio2-thread-5] INFO  o.a.s.c.k.e.p.HostBoundPubkeyAuthentication - Server announced support for publickey-hostbound@openssh.com version 0
2026-04-15 21:39:23,908 [Worker-2: Loading available Gradle versions] INFO  o.e.b.c.i.u.g.PublishedGradleVersions - Gradle version information cache is out-of-date. Trying to update.
2026-04-16 11:38:42,602 [Worker-6: Loading available Gradle versions] INFO  o.e.b.c.i.u.g.PublishedGradleVersions - Gradle version information cache is up-to-date. Trying to read.
2026-04-16 14:14:32,001 [Worker-68: Push to eclipse-workspace refs/heads/main - origin] INFO  o.a.s.c.i.DefaultIoServiceFactoryFactory - No detected/configured IoServiceFactoryFactory; using Nio2ServiceFactoryFactory
2026-04-16 14:14:33,673 [sshd-JGitSshClient[440313a0]-nio2-thread-5] INFO  o.a.s.c.k.e.p.HostBoundPubkeyAuthentication - Server announced support for publickey-hostbound@openssh.com version 0
2026-04-16 14:15:31,167 [sshd-JGitSshClient[75536ea9]-nio2-thread-5] INFO  o.a.s.c.k.e.p.HostBoundPubkeyAuthentication - Server announced support for publickey-hostbound@openssh.com version 0
2026-04-16 14:15:36,768 [sshd-JGitSshClient[4cb16158]-nio2-thread-5] INFO  o.a.s.c.k.e.p.HostBoundPubkeyAuthentication - Server announced support for publickey-hostbound@openssh.com version 0
2026-04-16 14:15:38,836 [sshd-JGitSshClient[5cc1262f]-nio2-thread-5] INFO  o.a.s.c.k.e.p.HostBoundPubkeyAuthentication - Server announced support for publickey-hostbound@openssh.com version 0
2026-04-16 15:45:30,982 [sshd-JGitSshClient[2d85fbec]-nio2-thread-5] INFO  o.a.s.c.k.e.p.HostBoundPubkeyAuthentication - Server announced support for publickey-hostbound@openssh.com version 0
2026-04-16 15:45:33,827 [sshd-JGitSshClient[53ebba45]-nio2-thread-5] INFO  o.a.s.c.k.e.p.HostBoundPubkeyAuthentication - Server announced support for publickey-hostbound@openssh.com version 0
2026-04-16 15:45:39,014 [sshd-JGitSshClient[226f2991]-nio2-thread-5] INFO  o.a.s.c.k.e.p.HostBoundPubkeyAuthentication - Server announced support for publickey-hostbound@openssh.com version 0
2026-04-16 18:00:30,961 [Worker-0: Loading available Gradle versions] INFO  o.e.b.c.i.u.g.PublishedGradleVersions - Gradle version information cache is up-to-date. Trying to read.
2026-04-16 18:10:06,781 [Worker-19: Loading available Gradle versions] INFO  o.e.b.c.i.u.g.PublishedGradleVersions - Gradle version information cache is up-to-date. Trying to read.
2026-04-17 11:30:29,077 [Worker-9: Loading available Gradle versions] INFO  o.e.b.c.i.u.g.PublishedGradleVersions - Gradle version information cache is out-of-date. Trying to update.
2026-04-17 11:34:56,917 [Worker-17: Push to eclipse-workspace refs/heads/main - origin] INFO  o.a.s.c.i.DefaultIoServiceFactoryFactory - No detected/configured IoServiceFactoryFactory; using Nio2ServiceFactoryFactory
2026-04-17 11:34:58,266 [sshd-JGitSshClient[5bb5e1c4]-nio2-thread-5] INFO  o.a.s.c.k.e.p.HostBoundPubkeyAuthentication - Server announced support for publickey-hostbound@openssh.com version 0
2026-04-17 11:35:00,745 [sshd-JGitSshClient[27e5f537]-nio2-thread-5] INFO  o.a.s.c.k.e.p.HostBoundPubkeyAuthentication - Server announced support for publickey-hostbound@openssh.com version 0
2026-04-17 11:35:02,666 [sshd-JGitSshClient[61de21df]-nio2-thread-5] INFO  o.a.s.c.k.e.p.HostBoundPubkeyAuthentication - Server announced support for publickey-hostbound@openssh.com version 0
2026-04-17 12:15:47,662 [sshd-JGitSshClient[76d187e0]-nio2-thread-5] INFO  o.a.s.c.k.e.p.HostBoundPubkeyAuthentication - Server announced support for publickey-hostbound@openssh.com version 0
2026-04-17 12:15:49,228 [sshd-JGitSshClient[32103f1d]-nio2-thread-5] INFO  o.a.s.c.k.e.p.HostBoundPubkeyAuthentication - Server announced support for publickey-hostbound@openssh.com version 0
2026-04-17 12:15:50,724 [sshd-JGitSshClient[f6f3a3b]-nio2-thread-5] INFO  o.a.s.c.k.e.p.HostBoundPubkeyAuthentication - Server announced support for publickey-hostbound@openssh.com version 0
